Das hat der Hollywood-Star in einem Interview jetzt unmissverständlich klar gemacht.
Und so gab er auch das Preisgeld von 25.000 Euro gleich weiter.
"Es wird wohl entweder China, Deutschland oder Amerika sein - ich will, dass wir es sind."
Gleichzeitig wollen beide aber die USA nicht vom internationalen Handel isolieren - sondern einfach nur amerikanische Jobs besser schützen.
Auf der einen Seite steht Trump, der die Wirtschaft und die Bürger entlasten will, um das Wachstum anzukurbeln.
Seine Kritiker halten ihm vor, damit würde das Haushaltsdefizit nur noch größer.
Auf der anderen Seite steht Clinton, die zumindest von den Reichen verlangen will, dass sie mehr Steuern zahlen, und deren Kritiker sagen: Mehr Steuern sind auch nicht die Lösung.
In ihrer Heimat haben sie Erfahrung mit sexueller Gewalt, Zwangsehen, Ehrenmorden, Sklaverei oder Zwangsprostitution gemacht.
In der Oberpfalz und Oberfranken etwa gibt es so etwas in Unterkünften der Regierungen nicht.
Auch in Schwaben werden allein geflüchtete Frauen nicht getrennt untergebracht, sagt Karl-Heinz Meyer, Pressesprecher der Regierung.
Als Antwort auf das Schweigen der Regierung hat der JDC Vorstand heute einen formalen Antrag auf ein spezielles Treffen des BMA Rates gestellt, um ein laufendes Programm eskalierender Arbeitskampfmaßnahmen, das Anfang September beginnt, zu genehmigen.
Recep Tayyip Erdogan hingegen sprach wiederholt von seinem "lieben Freund" Putin - laut einem Bericht ganze fünf Male.
Die öffentliche Meinung in Russland hat sich seit November gewandelt.
Erdogan benötigt in erster Linie alle Freunde, die er bekommen kann, nachdem er letzten Monat bei einem gescheiterten Staatsstreich fast seines Amtes enthoben wurde.
Der russische Staatschef gewann in Ankara mit Sicherheit einen Bonus dafür, dass er nach dem versuchten Staatsstreich Unterstützung für die gewählten Staatsorgane forderte.
Das Gipfeltreffen in diesem glanzvollen Palast am Meer ermöglichte es Russland und der Türkei, eine, wie es mir ein Analytiker einst beschrieb, "Allianz von Außenseitern" darzustellen: zwei Länder, die sich vom Westen verstoßen und schlecht behandelt fühlen und sich nun verbünden.
Die größte Differenz ist Syrien, wo sich Moskau vor kurzem die Rolle als Friedensstifter gab, aber wo Russland und die Türkei gegensätzliche Seiten unterstützen.
Es liegt kein eindeutiger Konsens darüber vor, wo ein gemeinsamer Nenner zu Syrien gefunden werden kann.
Sie unterstützte den internationalen Sport mit Millionen Pfund an Sponsoring, vom Six Nations Rugby bis hin zum Wimbledon Sieger Andy Murray.
RBS hat bereits ausgesagt, dass es sein Six Nations Sponsoring nicht mehr fortführen wird und, dass es die Wahrnehmbarkeit der verschiedenen Marken in seinem Sport-Sponsoring erhöhen wird.
Er setzte auf Predilection, die von John Gosden trainiert wird, auf seiner lokalen Rennstrecke mit seinem zweiten Gewinn der Nacht einen Meilenstein.
Zwei Jockeys haben den Meilenstein im Hindernisrennen erreicht - Jockey Richard Johnson und der pensionierte 20-malige Sieger Sir Anthony McCoy, der mehr als 4.300 Siege in einer rekordbrechenden Karriere erreichte.
Er hat Stil und ist stark, aber es ist sein taktischer Intellekt, der ihn von den anderen im Gewichtskontrollraum unterscheidet.
Er ist ein fantastischer Botschafter für Rennen, sein Enthusiasmus und Charisma begeistert Fans schon seit Jahren für diese Sportart.
Vor drei Jahren hatte er anfangs Schwierigkeiten, als er von seiner sechsmonatigen Sperre zurückkehrte, aber er zeigte eine beeindruckende charakterliche Stärke, um seinen Zweiflern zu trotzen und zu seiner Bestform zurückzukehren.
Anton Vaino, der seit 2012 Ivanovs Stellvertreter war, wurde zu seinem Nachfolger ernannt.
1972 in der estnischen Hauptstadt Tallinn geboren, machte er seinen Abschluss am renommierten Staatlichen Moskauer Institut für Internationale Beziehungen (MGIMO) und arbeitete in der Botschaft in Tokyo.
In seinen Bemerkungen an Putin, die auf der Website des Kreml zitiert werden, sagte Ivanov "es ist wahr, dass ich Sie Anfang 2012 in einem Gespräch gebeten habe, mir diesen sehr komplizierten Posten - man könnte beinahe sagen - beschwerlichen Posten vier Jahre lang anzuvertrauen.
In den späten 1990er Jahren, als Putin Vorsitzender des Bundessicherheitsdienstes (FSB) war, der den KGB ersetzte, wurde Ivanov zu seinem Stellvertreter ernannt.
Gibson war letzten Monat an einer körperliche Auseinandersetzung am Set der Serie in Los Angeles beteiligt.
ABC Studios und CBS Television Studios, die die Serie produzieren, verkündeten in einer gemeinsamen Stellungnahme seine Kündigung.
Am Set kam es zu künstlerischen Differenzen und einer Meinungsverschiedenheit.
Ingenieure haben das Norddeck des Queensferry Crossings mit dem Viadukt verbunden - was bedeutet, dass die Brücke jetzt mit Fife verbunden ist.
Es ist das erste von vier Verschließungen der "Deckgebläse", die sich der Fertigstellung um jeden der drei Türme der Brücke nähern.
Wirtschaftsminister Keith Brown stattete der Baustelle heute einen Besuch ab und war einer der Ersten, die vom Land auf die Brücke gingen.
Er sagte: "Das ist ein historischer und symbolischer Moment beim Bau des Queensferry Crossings.
Wir sind alle Zeugen einer Ingenieurskunst von einem wahrlich epischen Maße bei diesem Projekt mit über 30.000 Tonnen Beton und Stahl, die alleine für diesen Teil der Brücke verwendet wurden.
Trotz der massiven Größe und Gewichts des Brücke, ist die Fertigstellung des Verschlusses zwischen dem Viadukt und dem Brückendeck eine heikle Tätigkeit, die extrem präzise Toleranzen für die Passung erfordern.
Insgesamt sind fast 79 % der gesamten Brückendecks an ihrem Platz und der letzte Abschnitt des Decks bekommt heute in Rosyth einen Betonguss für das Deck, was bedeutet, dass das gesamte Deck bereit ist, auf der Brücke an seinen Platz gehoben zu werden.
Michael Martin, Projektleiter von Forth Crossing Bridge Constructors sagte: "Der erste Verschluss stellt bei jedem Brückenprojekt einen erheblichen Meilenstein dar.
Die Moelfre RNLI Rettungsstation schlug am Freitag um 13:20 BST Alarm, nachdem eine Crew das Ereignis in Moelfre Bay beobachtete.
Die drei Männer hatten Schwierigkeiten sich in Sicherheit zu schwimmen, während sich ihr Boot aus eigener Kraft weiterbewegte.
Zwei der Männer wurden von einem örtlichen Fischerboot gerettet, während der dritte Mann im Alter von 60 erschöpft und an einer Boje hängend ohne Rettungsweste aufgefunden wurde.
Die Polizei konnte den Täter festnehmen.
Als die beiden Frauen die Wohnung erneut betraten, schubste der 50-Jährige seine Schwester zur Seite und griff seine Ex-Freundin an.
SPD-Fraktionsvorsitzender Christoph Bratmann meint: "Wir sind uns mit den Grünen einig: Wer auf städtischen Flächen bauen will, muss künftig 20 Prozent aller Wohnungen als Sozialwohnungen ausweisen."
Die CDU möchte Investoren möglichst wenige Vorschriften machen.
Ungeachtet dessen, so Bratmann, bahne sich eine Verschärfung der Situation auf dem Wohnungsmarkt an.
Denn wird die Zahl der Sozialwohnungen in der Weststadt wieder drastisch erhöht, entfernt man sich vom Ziel der sogenannten Durchmischung.
Fraktionsvorsitzender Holger Herlitschke meint: "Für eine breite Mehrheit muss die CDU mit ins Boot."
Eine Generation, die das Spiel spielte, als sie noch jünger war, schloss sich dem Wahn an und sprang für die Suche vom Sofa.
Viele öffentliche Aufklärungskampagnen zur Gesundheit, die Leute dazu bringen wollen "sich 30 Minuten Zeit zu nehmen," "vom Sofa zu kommen" und "jeden Tag aktiv zu sein" stießen auf taube Ohren, weil viele öffentliche Botschaften zur Gesundheit langweilig sind und von Leuten kommen, die elend aussehen.
Das Neue wird seinen Reiz verlieren und die Verwendung wird mit der Zeit nachlassen.
Aufgrund von Pokemons Erfolg wird es jedoch mehr Spiele geben, die Apps und virtuelle Realität mit dem Aktivwerden in der realen Welt vereinen werden und dabei vielen Leuten auf der Jagd helfen werden, aktiver, fitter und gesünder zu sein.
Simone Biles schafft Gold im Damenturnen
Vergessen Sie den Hype.
Simone Biles ist auf all das immun.
Die Amerikanerinnen Simone Biles turnt auf dem Schwebebalken während des Einzelmehrkampffinales der Frauen im Kunstturnen bei den Olympischen Sommerspielen in Rio de Janeiro 2016, Brasilien, Donnerstag.
Biles ist die vierte heterosexuelle Amerikanerin, die einen Mehrkampftitel gewinnt und insgesamt die fünfte, während sie ihren Ruf festigt, die Beste ihrer Generation oder sogar überhaupt zu sein.
Es erwartete sie eine letzte Prüfung in Brasilien, ein Wettbewerb, der nicht so sehr zwischen Biles und dem Rest der Athleten ging, sondern vielmehr zwischen ihr und einer Last überdimensionierter Erwartungen.
Nicht mit einer Handvoll Gold zurück zur Familie in Spring, Texas zurückkehren, wäre als Enttäuschung angesehen werden.
Die Amerikanerinnen Simone Biles, links, und Aly Raisman umarmen sich, nachdem sie jeweils Gold und Silber im Einzelmehrkampffinale der Frauen im Kunstturnen bei den Olympischen Sommerspielen 2016 in Rio de Janeiro, Brasilien, Donnerstag, gewonnen haben
Mutter eines 6-Jährigen mit Mikrozephalie: "Es wird besser"
Aber wie die wenigsten seiner Altergenossen hat Edmund Mikrozephalie, das Ergebnis einer genetischen Störung, über die seine Mutter Elizabeth Picciuto während ihrer Schwangerschaft nichts wusste.
Aber es ist keine typische Zeichensprache -- sagt sie. Edmund hat einige Zeichen alleine erfunden.
Heftige Regenfälle und großflächige Überschwemmungen in Louisiana zwangen den Gouverneur dazu, am Freitag den Notstand auszurufen. Es wird den ganzen Samstag über mit mehr Regenfällen gerechnet.
Leroy Hansford, seine Frau und sein Stiefsohn befanden sich unter denjenigen, die am Freitag in der Nähe von Gloster gerettet wurden.
Er sagte, dass ihn ein weiterer Stiefsohn, der in der Nähe wohnt, gewarnt hätte.
Es hat die schwarze und hispanische weibliche Anwesenheit an der Spitze dieser Sportart verfestigt.
Jetzt war die Welt in der Lage, Zeuge der unglaublichen Leistung der dreifachen Weltmeisterin Simone Biles, Douglas und Laurie Hernandez zu sein, wie sie unerwartete, doch meisterhafte Gymastikroutinen lieferten.
Am Donnerstag wurde Simone die vierte, heterosexuelle Amerikanerin, die bei einer individuellen Mehrkampfveranstaltung für Frauen Gold gewann.
Aber die Realität sieht so aus, dass Turnen ein teurer Sport ist und Turner in erster Linie in privaten Turnvereinen, die von Eltern aufrechterhalten werden, die für die Trainings-, Einrichtungs-, Reise- Bekleidungs-, Wettbewerbs- und Hotelkosten (für die Trainer und deren Turner und Familien) aufkommen. Die Liste lässt sich beliebig fortsetzen.
Turnen entwickelt Stärke, Flexibilität und Koordination für den Körper sowie harte Arbeit, Disziplin und Bestimmtheit für den Geist.
Es ist so wichtig, am Sport teilzunehmen, vor allem für Mädchen.
Dr Ellen McCourt, die Vorsitzende des BMA Kommittees für Assistenzärzte teilte letzte Nacht in einer Mitteilung mit: "Assistenzärzte haben zu dem vorgeschlagenen Vertrag nach wie vor ernsthafte Bedenken, insbesondere, dass es die derzeitige Belegschaftskrise anheizen und es verabsäumen wird, alle Ärzte gerecht zu behandeln."
Das geschah des eines Versprechens, das Jeremy Hunt erst letzten Monat darüber gemacht hatte, dass seine Tür immer offenstehen würde.
Die Arbeitgeber hofften, dass das fortgeführte positive Engagement zu anderen wichtigen Themen - wie Entsendung, Flexibilität bei Schulungen, zusätzliche Schulungen für diejenigen, die von einer beruflichen Auszeit zurückkehren, Schulungsksten, gegenseitige Anerkennung des Lehrplans, Fortbildungsurlaub und das geschlechtsspezifische Lohngefälle in der Medizin - ein Zeichen dafür waren, wie ernst es die Arbeitgeber, das Health Education England und das Gesundheitsministerium bezüglich der Einhaltung der Vereinbarungen mit der BMA im November, Februar und Mai waren.
Die Information über die Wirksamkeit und Sicherheit von Ticagrelor - vor allem das Blutungsrisiko - ist auf einen Zeitraum von bis zu drei Jahren beschränkt. Der Anleitungsentwurf empfiehlt keine Behandlung, die über diesen Zeitraum hinausgeht.
Der ehemalige Bürgermeister von Tower Hamlets Lutfur Rahman wurde letztes Jahr auf Veranlassung eines Regierungsberichts wegen Korruption aus dem Amt entfernt
Der Bericht schlägt vor, nicht entfernbare Tinte auf den Finger einer Person aufzutragen, wenn sie ihre Wahlstimme abgeben, um zu verhindern, dass jemand zweimal wählt.
Rahman soll "seine Kampagne auf der Grundlage geführt haben, dass es die religöse Pflicht von Muslimen sei, ihn zu wählen."
Optionen in Betracht ziehen, Wähler vor der Wahl nach Ihrem Ausweis zu fragen.
Anforderung, dass nur Englisch in den Wahlstationen verwendet werden darf (mit Ausnahme von Wales).
Er wurde aufgrund einer Reihe von Gründen für hinreichend - gemäß der hohen Anforderungen im strafrechtlichen Verfahren - schuldig bekannt.
Aber die 24-jährige Olympionikin ist diesen Sommer bei weitem nicht der einzige, um Gold kämpfende Athlet, der seinen eigenen berühmten Doppelgänger aufweist - zumindest nicht, wenn man den sozialen Medien Glauben schenken darf.
Einer der beliebtesten Vergleiche seit London 2012 wird dieses Jahr zweifellos noch mehr in den Mittelpunkt treten: die aufallende Ähnlichkeit zwischen dem britischen Weitspringer Greg Rutherford und dem beliebten Schauspieler Neil Patrick Harris.
Ein weiterer anhaltender Vergleich wurde zwischen dem Tennisstar Rafael Nadal und Schauspieler Josh Hartnett gezogen, der ähnlich schwere Augenbrauen und Lippen aufweist.
Die russische Silbermedaillenschwimmerin Yulia Efimova weist mehr als nur die sonnengebräunte Haut und blonden Haare wie die Schauspielerin Annalynne McCord auf, während dem Amerikaner Nathan Adrian von Fans attestiert wurde, einer "athletischen Version von Joseph Gordon Levitt" zu gleichen.
CBC-Kommentator für die Olympischen Spiele entschuldigt sich für seine Aussage, dass chinesische Schwimmerin "wie ein Schwein gestorben ist"
Die chinesische Schwimmerin Ai Yanhan, 14, schwamm die zweite Etappe der Schwimmstaffel 1:57,79 - 1,61 Sekunden langsamer als Kanadas Taylor Ruck, was es den Kanadiern ermöglichte, die Lücke zu China aufzuschließen.
Zuschauer in ganz Kanada reagierten schnell online, nachdem sie von dem Ton und der Sprache geschockt waren
Emmett Macfarlane tweete, " Hat der CBC-Kommentator gerade gesagt, dass die 14-jährige Schwimmerin aus China "wie ein Schwein gestorben ist"????
Ai Yanhan aus China wurde bei der finalen 4 x 200m Freistilschwimmstaffel für Frauen folgendemaßen beschrieben: " Diese kleine 14-jährige Chinesin hat den Anschluß verloren, Baby."
Wir haben uns gestern Nacht schnell bei unseren Zuschauern auf Sendung und unseren Followern in den sozialen Medien entschuldigt.
Mitten auf der Verkaufsfläche stehend nahm sie ein Paar Unterhosen aus der Auslage, zog ihre eigenen Strumpfhosen und Hosen aus und probierte sie an.
"Ich würde es hassen, mit einem neuen Paar Unterhosen nach Hause zu gehen und herauszufinden, dass eine andere Frau sie anhatte und wieder auszog und sie nicht gewaschen wurden."
Ergreifen Sie die Waffe dann zwischen Ihrem Vorderarm und Ihrer Schulter bevor Sie ihm mit Ihrem freien Ellbogen ins Gesicht schlagen.
Schlagen Sie ihm sodann mit dem Knie in die Leiste und verdrehen Sie, während sich der Angreifer vor Schmerzen zusammenkrümmt, die Waffe aus seinen Händen. Schlagen Sie ihm mit dem Lauf ins Gesicht und bewegen Sie sich rückwärts, während sie die Waffe auf ihn richten.
Reisender Ian Wright schabt für einen Reiseführer seine Zunge an den schmutzigsten Orten Europas
Der Moderator und Reiseautor Ian Wright, 51, aus Suffolk schabte seine Zuge auf einem Euro-Schein, einem Geländer am Piccadilly Circus, einem Spülknopf einer Zugtoilette sowie einem öffentlichen Telefon in Russland, um die Widerstandsfähigkeit seines Immunsystems unter Beweis zu stellen.
