Ein Sprecher des Sons & Daughters sagte, dass sie über seinen Tod "schockiert und am Boden zerstört seien".
"Bei allem, was in der Welt schief läuft, war er dieser ungeschliffene Diamant, der jeden Tag hell leuchtete," sagte er.
Jennifer Aniston muss nicht immer perfekt oder erfolgreich sein.
"Ich selbst habe nicht den Wunsch, immer perfekt und erfolgreich zu sein."
Jennifer Aniston (47) kann nur darüber lachen, dass sie als "Miss Perfect" gilt, wie sie in der aktuellen "Cosmopolitan" erklärt.
Zur Weißglut bringe sie die Frage nach dem Kinderwunsch: "Wir Frauen müssen nicht verheiratet sein oder Kinder haben, um vollkommen zu sein", so der Hollywood-Star.
Am Ende eines Golfturniers in Südafrika suchte Bernhard Langer mit einigen Kollegen ein bisschen Abwechslung mit einem Ausritt am Strand.
Zu den Ausgezeichneten gehören die Leichtathleten Hartwig Gauder und Harald Schmitt, der Turner Eberhard Gienger, die Fechter Cornelia Hanisch, Alexander Pusch und Arnd Schmitt, der Ruderer Peter-Michael Kolbe, Bob-Fahrer Meinhard Nehmer, der Judoka Frank Wieneke, der Springreiter Alwin Schockemöhle und posthum der Handballer Erhard Wunderlich.
In Infrastruktur investieren und das Handelsabkommen TTP verhindern - das wollen sowohl Clinton als auch Trump.
Clinton dagegen will mit ihrem Investitionsprogramm ausdrücklich die Erneuerbaren Energien ausbauen und fordert: "Ein Land wird die Supermacht der sauberen Energien werden und Millionen Jobs schaffen."
Gleichzeitig wollen beide aber die USA nicht vom internationalen Handel isolieren - sondern einfach nur amerikanische Jobs besser schützen.
Wenn sie in Deutschland ankommen, sind sie oft traumatisiert.
Jede hat ein Baby dabei, das höchstens ein Jahr alt ist.
"Männer fliehen wegen Kriegen, weil sie politisch verfolgt werden, weil ihnen Folter oder der Tod drohen oder weil ihre Familien sie als Hoffnungsträger nach Europa schicken", erzählt sie.
Das führt dazu, dass etwa 90 Prozent der Frauen, die in der Unterkunft im Münchner Norden wohnen, traumatisiert sind, schätzt sie.
"Einige der Kinder sind sicher nicht freiwillig entstanden".
"Oder sie trauen sich nicht, offen über das Erlebte zu sprechen, weil die Scham zu groß ist".
In Bayern sind die sieben Bezirksregierungen für die Unterbringung von Flüchtlingen zuständig.
Auch in Schwaben werden allein geflüchtete Frauen nicht getrennt untergebracht, sagt Karl-Heinz Meyer, Pressesprecher der Regierung.
Das Junior Doctors Committee (JDC) der British Medical Association (BMA) hat seinen gesamten Rat gefordert, ab Anfang September mehr Arbeitskampfmaßnahmen zu genehmigen.
In einem Brief an die Mitglieder, der am Donnerstag abend auf Twitter veröffentlicht wurde, sagte die Vorsitzende des JDC Ellen McCourt, dass die Regierung "beharrlich ruhig" zu Problemen geblieben wäre, was dazu führte, dass der Vertrag abgelehnt wurde.
Als Antwort auf das Schweigen der Regierung hat der JDC Vorstand heute einen formalen Antrag auf ein spezielles Treffen des BMA Rates gestellt, um ein laufendes Programm eskalierender Arbeitskampfmaßnahmen, das Anfang September beginnt, zu genehmigen.
Der Leiter der BMA Assistenzärzte Dr. Johann Malawana trat nach der Wahl zur Ablehnung der vereinbarten Vertragsbedingungen, die von der BMA empfohlen worden waren, zurück.
Die Anführer Russlands und der Türkei trafen sich am Dienstag, um sich die Hände zu geben und ein offizielles Ende des acht Monate lang andauernden Krieges der Worte und wirtschaftlichen Sanktionen zu verkünden.
Aber als Vladimir Putin seinen türkischen Gegenspieler im vergoldeten Saal des St. Petersburger Palastes in Empfang nimmt, kann ich mich nicht des Eindrucks verwehren, dass Ankara diese Versöhnung am meisten will.
Aber Putins Lächeln wirkte schmallippig und er strahlte kaum Wärme aus, selbst für seine zurückhaltenden Verhältnisse.
Recep Tayyip Erdogan hingegen sprach wiederholt von seinem "lieben Freund" Putin - laut einem Bericht ganze fünf Male.
Aber eine von Putin ausstrahlende, nachhaltige Kühle zeigte, dass der Staatschef Russlands nichts vergessen hatte.
Putin teilte aus und beschuldigte Ankara, Russland in den Rücken gefallen zu sein.
Schließlich fand dieses Treffen nur deshalb statt, weil Putin vom Präsidenten Erdogan die Entschuldigung erhielt, die er hören wollte.
Dazu kommen der anhaltende Groll über das Schneckentempo der EU-Beitrittsverhandlungen und Putin - der erpicht darauf ist, aus der kühlen Stimmung Nutzen zu ziehen und die Beziehung der Türkei zum Westen zu verringern.
Das Gipfeltreffen in diesem glanzvollen Palast am Meer ermöglichte es Russland und der Türkei, eine, wie es mir ein Analytiker einst beschrieb, "Allianz von Außenseitern" darzustellen: zwei Länder, die sich vom Westen verstoßen und schlecht behandelt fühlen und sich nun verbünden.
Die größte Differenz ist Syrien, wo sich Moskau vor kurzem die Rolle als Friedensstifter gab, aber wo Russland und die Türkei gegensätzliche Seiten unterstützen.
Der Präsident der Türkei vermied es absichtlich auf eine Frage über ihre Differenzen zu antworten, während Putin sich dazu entschied diese zu betonen.
Es liegt kein eindeutiger Konsens darüber vor, wo ein gemeinsamer Nenner zu Syrien gefunden werden kann.
In dieser Zeit haben Markenstrategen "RBS" dazu verwendet, andere Endverbraucherfinanzmarken zu schützen.
Die Marke Ulster Bank wird bereits für Kunden in der Republik Irland und Nordirland verwendet.
Er setzte auf Predilection, die von John Gosden trainiert wird, auf seiner lokalen Rennstrecke mit seinem zweiten Gewinn der Nacht einen Meilenstein.
Russlands Putin feuert Stabschef Sergei Ivanov
Der russische Präsident Vladimir Putin hat unerwarteterweise seinen Stabschef Sergei Ivanov entlassen.
Ivanov war viele Jahre Teil des engsten Vertrauenskreises von Putin.
In einer Stellungnahme des Kreml lautet es, dass Putin ohne Angabe von Gründen "die Entlassung Ivanovs von seinen Pflichten als Vorsitzender der russischen Präsidialverwaltung angeordnet habe".
Auf der Website des Kreml heißt es (auf Russisch), dass er später Protokollchef und Stabsleiter des Regierungspersonals war.
Über seine Ernennung sagte er zu Putin:"Danke für Ihr Vertrauen."
Putin teilte dem russischen TV Sender am Freitag mit, dass Ivanov darum gebeten habe, seinen Posten zu verlassen und Vaino als seinen Nachfolger empfohlen habe.
Bei einem Treffen mit Präsident Putin, das im Fernsehen ausgestrahlt wurde, behaupteten beide Männer, dass der Stabschef auf eigenen Wunsch zurücktritt.
In seinen Bemerkungen an Putin, die auf der Website des Kreml zitiert werden, sagte Ivanov "es ist wahr, dass ich Sie Anfang 2012 in einem Gespräch gebeten habe, mir diesen sehr komplizierten Posten - man könnte beinahe sagen - beschwerlichen Posten vier Jahre lang anzuvertrauen.
Er ist Mitglied des russischen Sicherheitsrates und wie Putin ehemaliges Mitglied des Staatssicherheitsdienstes KGB.
In den späten 1990er Jahren, als Putin Vorsitzender des Bundessicherheitsdienstes (FSB) war, der den KGB ersetzte, wurde Ivanov zu seinem Stellvertreter ernannt.
Als Putin an die Macht gelangte nannte er Ivanov als einen von fünf Leuten, denen er am meisten vertraute.
Einst wurde angenommen, dass Ivanov nach Putins zweiter Amtszeit Präsident von Russland werden könnte, da eine dritte Amtszeit Putins gegen die Verfassung verstoßen hätte.
Putin wurde Ministerpräsident, bevor er dreieinhalb Jahre später wieder zum Präsidenten wurde.
Gibson war letzten Monat an einer körperliche Auseinandersetzung am Set der Serie in Los Angeles beteiligt.
Gibson, der den Special Agent Aaron Hotchner spielte, entschuldigte sich am Donnerstag vor der Bekanntmachung seiner Kündigung öffentlich.
Die geplante Ausstrahlung der zwölften Staffel ist auf den 28. September angesetzt.
Er verfügt über 10.000 Tonnen Stahl und 20.000 Tonnen Beton sowie 46 Schrägseile.
Wir sind alle Zeugen einer Ingenieurskunst von einem wahrlich epischen Maße bei diesem Projekt mit über 30.000 Tonnen Beton und Stahl, die alleine für diesen Teil der Brücke verwendet wurden.
Trotz der massiven Größe und Gewichts des Brücke, ist die Fertigstellung des Verschlusses zwischen dem Viadukt und dem Brückendeck eine heikle Tätigkeit, die extrem präzise Toleranzen für die Passung erfordern.
Dies war eine massive und gleichzeitig sehr heikle Tätigkeit.
Rettung in der Moelfre Bay: Drei Männer haben "Glück noch am Leben zu sein"
Drei Männer haben "Glück noch am Leben zu sein", nachdem sie von ihrem Fischerboot vor Anglesey geworfen wurden.
Zwei der Männer wurden von einem örtlichen Fischerboot gerettet, während der dritte Mann im Alter von 60 erschöpft und an einer Boje hängend ohne Rettungsweste aufgefunden wurde.
Wie die Polizei gestern mitteilte, hatte der 50-Jährige den Schlüssel zur Wohnung bekommen, um seine persönlichen Dinge zu holen.
Die Polizei konnte den Täter festnehmen.
SPD-Fraktionsvorsitzender Christoph Bratmann meint: "Wir sind uns mit den Grünen einig: Wer auf städtischen Flächen bauen will, muss künftig 20 Prozent aller Wohnungen als Sozialwohnungen ausweisen."
"Wir wollen, dass Investoren auf solchen Flächen mindestens 10 Prozent, aber möglichst 20 Prozent der Wohnungen als Sozialwohnungen bauen."
Ein neues städtisches Wohnungsbau-Förderprogramm, das Millionen kosten wird und noch finanziert werden muss, soll für Anreize sorgen.
Ich beziehe mich dabei selbstverständlich auf den Pokémon Go-Wahn, eine App, die auf den Charakteren beruht, die zunächst für die Videospiele in den 1990ern erschaffen wurden (später entstanden daraus eine Zeichentrickserie, Spielkarten und andere Spin-Offs).
Wie viele Phänomene der Popkultur sank das Interesse vor der Veröffentlichung des Spiels in den USA, Australien und Neuseeland Anfang Juli etwas.
Kurz gesagt gehen die Spieler mit ihren Smartphones nach draußen und suchen nach Pokémons, die mit einem GPS nachverfolgt werden und, sobald sie einmal gefunden wurden, "fotografiert" (über einen Screenshot auf dem Handy) oder "gefangen genommen" werden können.
Eine Generation, die das Spiel spielte, als sie noch jünger war, schloss sich dem Wahn an und sprang für die Suche vom Sofa.
Somit werden drei Säulen der Gesundheit abgedeckt - Bewegung, frische Luft und Sonnenschein sowie Spaß.
Lesen Sie Dr. Joes Blog auf www.drjoetoday.com
Die 19-jährige amerikanische Turnerin erklomm am Donnerstag zum Mehrkampftitel und vergrößerte die Lücke zwischen sich und dem Rest der Welt vor aller Augen unter dem Scheinwerferlicht der Olympischen Spiele.
Die Amerikanerinnen Simone Biles turnt auf dem Schwebebalken während des Einzelmehrkampffinales der Frauen im Kunstturnen bei den Olympischen Sommerspielen in Rio de Janeiro 2016, Brasilien, Donnerstag.
Biles ist die vierte heterosexuelle Amerikanerin, die einen Mehrkampftitel gewinnt und insgesamt die fünfte, während sie ihren Ruf festigt, die Beste ihrer Generation oder sogar überhaupt zu sein.
Dieser Erfolg stellt sie in dieselbe Liga wie einzigartige Athleten wie Michael Phelps, die ihre Sportarten zu neuen Höhen gebracht habe:
Es erwartete sie eine letzte Prüfung in Brasilien, ein Wettbewerb, der nicht so sehr zwischen Biles und dem Rest der Athleten ging, sondern vielmehr zwischen ihr und einer Last überdimensionierter Erwartungen.
Die Amerikanerinnen Simone Biles, links, und Aly Raisman umarmen sich, nachdem sie jeweils Gold und Silber im Einzelmehrkampffinale der Frauen im Kunstturnen bei den Olympischen Sommerspielen 2016 in Rio de Janeiro, Brasilien, Donnerstag, gewonnen haben
Biles holte die erste Medaille am Dienstag, während sie auf der Abschiedsfeier der sich in Ruhestand begehenden Mannschaftskoordinatorin Martha Karolyi als Ausrufezeichen diente.
Nach ihrer Bodenübung warf sie dem Publikum Kusshände zu, überwältigt von einem Comeback, das manchmal zweifelhaft erschien.
Laut Polizeiberichten, die am Donnerstag veröffentlicht wurden, wurden zwei Frauen und ein 12-Jahre altes Mädchen erschossen, die in einem der tödlichsten Angriffe seit einem Jahrzehnt im ersten Serienmörderfall von Phoenix umgekommen sind, während sie sich im Auto unterhielten und Musik hörten.
Insgesamt wurden vorwiegend in hispanischen Wohngegenden innerhalb von vier Monaten in neun Angriffen sieben Personen getötet und zwei weitere verletzt.
Die Ermittler weigerten sich, die Beweise offenzulegen, die sie zu der Schlußfolgerung geführt haben, dass die Angriffe verknüpft sind und von dem selben Mörder begangen wurden.
Ellis, 33, wurde aufgrund ihrer Verletzungen hospitalisiert und verstarb später.
Ein Zeuge teilte der Polizei mit, dass es für sie nicht ungewöhnlich war, in einem geparkten Auto zu sitzen und Musik zu hören.
Als er das erste Mal nach Hause kam, war mein erster Gedanke, Ich schaffe das nicht.
Edmund konnte bis zu seinem dritten Lebensjahr weder sitzen noch krabbeln und er kann noch immer nicht sprechen.
Aber er macht langsam Fortschritte.
Mikrozephalie hat eine Vielzahl an Ursachen: genetische wie bei Edmund sowie Infektionen mit Viren wie Masern oder dem Zikavirus während der Schwangerschaft.
Der Metereologe Alek Krautmann sagt, dass beide Flüsse viele Häuser in den Vorortgegenden nahe Baton Rouge überschwemmen könnten.
Er sagte auch, dass eine stromabwärts gerichtete Überschwemmung in Ascension Parish eine Gefahr darstellt, da diese über die getretenen Flüsse nur langsam in den Lake Maurepas fließen werden.
Der Fluss Tickfaw, südlich der Mississippi Staatsgrenze in Liverpool, Louisiana, erreichte am Freitag bereits um 09.00 den höchsten Stand, der jemals aufgezeichnet wurde.
Laut Krautmann meldete ein Beobachter in der Nähe von Livingstone von Mitternacht bis Freitag morgen von 13,75 Zoll Regen.
Die Behörden gaben an, dass schwere Regenfälle und Straßenüberschwemmungen die Rettung von Einwohnern aus ihren Häusern in Tangipahoa Parish und Unterrichtsausfall in fünf Schulbezirken verursachten.
Der Vorsteher der Gemeinde Robby Miller sagte, dass die Behörden 72 Leute und sieben Haustiere gerettet hätten, die vom Hochwasser angespült wurden.
Laut seinen Angaben sollen eine Handvoll Häuser am Donnerstag als überschwemmt gemeldet worden sein, aber am Freitag wurden bis jetzt keine gemeldet.
Der Zustand des Jungen wurde in einem Krankenhaus als kritisch eingestuft und er musste sich mehreren Operationen unterziehen.
Die anderen zwei Opfer befanden sich nicht im Auto und die Polizei ermittelt gerade, ob sich unter einem der verletzten Männer der Täter befinden könnte.
Es scheint, dass es sich hierbei eindeutig um einen andauernden Kampf gehandelt habe.
