nec UNK in computer sales tie-up
sri lanka closes schools as war escalates
protesters target french research ship
us september factory orders up #.# percent
bank of UNK UNK for calm in financial markets
rebel serb talks to resume saturday : tudjman by peter UNK
toyota are banned for a year
israel prepares jerusalem state funeral for rabin
indian pm 's announcement on kashmir polls autonomy sparks outrage
russian liberal party wins registration
trinidad and tobago poll draws heavy turnout by john babb
jordan 's crown prince makes first visit to jerusalem
walesa receives opposition boost
rand gains ground
amnesty deplores human rights violations in guinea
canada investigates syrian woman with alleged ties to pkk
hong kong us sign breakthrough aviation pact
us citizen who spied for east germans given suspended sentence
americans lead UNK by ## strokes
french keep same team for #nd test
chicago # ## # # ## green bay ## # # # ##
nigerian plane crashes on landing killing at least ##
algerian presidential candidates wind up campaign by richard palmer
unicef concerned about welfare of children in former communist states
swedish un soldier in bosnia killed by stray bullet
us judge denies mexico 's extradition request for massieu
fred west told truth when he exonerated his wife of murder defense by UNK UNK
hoechst to invest total ### million us dollars in chinese operation
roh coup plotter then democracy convert now in disgrace by UNK park
man who killed baby to hear television better gets ## years
clinton congress offer plans to end budget impasse
UNK latest east timorese asylum seekers leave for portugal
repatriation of bosnian refugees postponed
atlantis mir part ways after three-day space collaboration by emmanuel UNK
downing of plane slows sri lanka 's army onslaught on jaffna by amal jayasinghe
walesa kwasniewski cast ballot amid touch of humor
australia vs pakistan tea scorecard
head of UNK chechen government survives bomb
news corp globo televisa and tele-communications in satellite venture
barak to be named israel 's new fm outgoing minister says
balkan leaders to bar war criminals from office : clinton
UNK credit union losses at #.# bln dlrs : central bank
UNK : ordinary boy who ruined britain 's oldest merchant bank by roberto UNK
president mandela pilloried in nigeria
mahathir wants leadership change to be smooth
croats torch homes in areas due to return to serbs
president mugabe 's salary doubled
former french pm to serve on keating commission to ban the bomb by jack taylor
former mexican president says he is astonished by brother 's arrest
european mediterranean ministers gather for landmark conference by julie bradford
karadzic trying to trip up peace process : izetbegovic
do n't blame pakistan for poor test ticket sales says manager
president opens probe of influence-peddling scandal
french UNK press strike stranglehold by michael thurston
UNK UNK lewis camp prepare bowe offer
ramos confident of successful conclusion in moslem peace talks
ericsson sells relay production to UNK 's UNK corp
gusmao makes UNK for etimor unity UNK UNK fresh gusmao UNK visit with refugees
irish urged to continue saving as ##-billion-euro payout begins by andrew UNK UNK UNK UNK
russia urges international community not to disrupt iran talks UNK picture
gm expects to avoid strike at delphi : ceo
the afp world news summary
india win toss and elect to bat in first test
polling stations close on first day of czech legislative elections
police turn UNK in insurgency-hit indian state by UNK UNK
un condemns murder UNK of russians in iraq UNK UNK UNK with annan comment
africa us to devise private sector growth strategy by p. UNK
american zabriskie snatches dauphine prologue
another UNK corporate raider bites the dust by UNK ozawa UNK picture UNK UNK reported arrest koizumi reax UNK
french open tennis results #nd UNK
bomb attack outside srilanka navy base
UNK northern kosovo closer to secession : press
mourinho targets second champions league crown UNK UNK details
russia warns of colossal impact if nato takes in ukraine georgia UNK UNK quote
confident robben eager to prove himself one of the greats by benoit noel UNK picture
mittal launches hostile arcelor bid in us
time not ripe yet for indian mangoes to hit us
#.# billion tv viewers expected for opening world cup match
rumsfeld calls zarqawi death significant victory
french farm offers hope for endangered asian crocs UNK picture
indonesian quake survivors brace for another hardship : no world cup by ahmad UNK UNK picture
even fellow players keen for federer grand slam dream UNK picture
pressure on raul as spain begin countdown by justin davis UNK picture
g# ministers warn of energy risks seek cooperative action by nathaniel harrison UNK picture UNK UNK with final statement
we must improve : eriksson by martin parry UNK picture
tropical depression soaks western cuba UNK UNK us forecasters warning
israel pm says abbas must do more to disarm militants UNK UNK detail UNK
mavs hero terry may need surgery to fix injured thumb
doubts over raul and shevchenko set to favor spain by justin davis UNK picture
afp world economic news summary
rosicky double gives czechs winning start by jim slater UNK picture UNK UNK bruckner and arena UNK
UNK awards crown their prince by giles hewitt
credit agricole announces #.#-billion-euro bid for greek bank emporiki
bush backs iraqi pm on surprise baghdad visit by paul richards UNK picture UNK includes pool copy UNK detail UNK
notre dame cathedral square to be named after john paul ii
somali warlords stronghold tense after us-backed militia chiefs flee
press lambasts sorry french display
algerian press freedom at risk despite editor 's release UNK picture
nalbandian optimistic for wimbledon fitness
goldman sachs increases bid for ab ports
